npm warn exec The following package was not found and will be installed: serve@14.2.6
 INFO  Accepting connections at http://localhost:3000
 HTTP  9/2/2026 8:13:44 PM ::1 GET /
 HTTP  9/2/2026 8:13:44 PM ::1 Returned 200 in 344 ms
 HTTP  9/2/2026 8:15:21 PM ::1 GET /
 HTTP  9/2/2026 8:15:21 PM ::1 Returned 200 in 4 ms
 HTTP  9/2/2026 8:15:24 PM ::1 GET /tips-dashboard.html
 HTTP  9/2/2026 8:15:24 PM ::1 Returned 301 in 1 ms
 HTTP  9/2/2026 8:15:24 PM ::1 GET /tips-dashboard
 HTTP  9/2/2026 8:15:24 PM ::1 Returned 200 in 8 ms
 HTTP  9/2/2026 8:17:32 PM ::1 GET /
 HTTP  9/2/2026 8:17:32 PM ::1 Returned 200 in 2 ms
 HTTP  9/2/2026 8:17:34 PM ::1 GET /tips-dashboard.html
 HTTP  9/2/2026 8:17:34 PM ::1 Returned 301 in 1 ms
 HTTP  9/2/2026 8:17:34 PM ::1 GET /tips-dashboard
 HTTP  9/2/2026 8:17:34 PM ::1 Returned 200 in 3 ms
 HTTP  9/2/2026 8:19:12 PM ::1 GET /
 HTTP  9/2/2026 8:19:12 PM ::1 Returned 200 in 2 ms
 HTTP  9/2/2026 8:20:02 PM ::1 GET /
 HTTP  9/2/2026 8:20:02 PM ::1 Returned 200 in 2 ms
 HTTP  9/2/2026 8:20:05 PM ::1 GET /tips-dashboard.html
 HTTP  9/2/2026 8:20:05 PM ::1 Returned 301 in 1 ms
 HTTP  9/2/2026 8:20:05 PM ::1 GET /tips-dashboard
 HTTP  9/2/2026 8:20:05 PM ::1 Returned 200 in 2 ms
